============================================================
  Generated by:           Genus(TM) Synthesis Solution 20.12-s150_1
  Generated on:           May 25 2026  07:54:19 am
  Module:                 hardware
  Technology libraries:   tcbn65gplushvttc_ccs 200
                          USERLIB_nldm_tt_1p00v_1p00v_25c 1.1
                          physical_cells 
  Operating conditions:   NCCOM 
  Interconnect mode:      global
  Area mode:              physical library
============================================================


Summary
-------
--------------------------------------------------------------------------
            Category            Number     %    Average Toggle Saving %   
--------------------------------------------------------------------------
 Total Clock Gating Instances        0  100.00                         -  
--------------------------------------------------------------------------
 RC Clock Gating Instances           0    0.00                      0.00  
 Non-RC Clock Gating Instances       0    0.00                      0.00  
--------------------------------------------------------------------------
 RC Gated Flip-flops                 0    0.00                      0.00  
 Non-RC Gated Flip-flops             0    0.00                      0.00  
--------------------------------------------------------------------------
 Total Gated Flip-flops              0    0.00                         -  
 Total Ungated Flip-flops         9472  100.00                         -  
 Enable not found                 9472  100.00                         -  
--------------------------------------------------------------------------
 Total Flip-flops                 9472  100.00                         -  
--------------------------------------------------------------------------
Multibit Flip-flop Summary
--------------------------
-------------------------------------------------------
Width     Number     Bits     RC Gated     Ungated     
-------------------------------------------------------
1-bit     9472       9472     0 (0.00%)    9472 (100.00%) 
----------------------------------------------------------


