============================================================
  Generated by:           Genus(TM) Synthesis Solution 20.12-s150_1
  Generated on:           May 25 2026  07:54:13 am
  Module:                 hardware
  Technology libraries:   tcbn65gplushvttc_ccs 200
                          USERLIB_nldm_tt_1p00v_1p00v_25c 1.1
                          physical_cells 
  Operating conditions:   NCCOM 
  Interconnect mode:      global
  Area mode:              physical library
============================================================

                                              
         Gate          Instances     Area                   Library              
---------------------------------------------------------------------------------
AN2XD1HVT                    919     1985.040    tcbn65gplushvttc_ccs            
AN3XD1HVT                     21       52.920    tcbn65gplushvttc_ccs            
AN4XD1HVT                     12       34.560    tcbn65gplushvttc_ccs            
AO211D1HVT                    55      158.400    tcbn65gplushvttc_ccs            
AO21D1HVT                    103      259.560    tcbn65gplushvttc_ccs            
AO221D0HVT                  1653     5950.800    tcbn65gplushvttc_ccs            
AO222D1HVT                   253     1092.960    tcbn65gplushvttc_ccs            
AO22D0HVT                   2981     8585.280    tcbn65gplushvttc_ccs            
AO31D1HVT                     18       51.840    tcbn65gplushvttc_ccs            
AO32D1HVT                     13       51.480    tcbn65gplushvttc_ccs            
AO33D1HVT                      3       11.880    tcbn65gplushvttc_ccs            
AOI211D1HVT                    6       15.120    tcbn65gplushvttc_ccs            
AOI211D2HVT                    1        4.320    tcbn65gplushvttc_ccs            
AOI211XD0HVT                  26       65.520    tcbn65gplushvttc_ccs            
AOI21D1HVT                   332      717.120    tcbn65gplushvttc_ccs            
AOI221D0HVT                 1055     3038.400    tcbn65gplushvttc_ccs            
AOI222D0HVT                  137      493.200    tcbn65gplushvttc_ccs            
AOI222D4HVT                   16       97.920    tcbn65gplushvttc_ccs            
AOI22D1HVT                   764     1925.280    tcbn65gplushvttc_ccs            
AOI31D1HVT                    37       93.240    tcbn65gplushvttc_ccs            
AOI32D1HVT                    35      100.800    tcbn65gplushvttc_ccs            
AOI33D1HVT                     1        3.240    tcbn65gplushvttc_ccs            
BUFFD1HVT                      9       12.960    tcbn65gplushvttc_ccs            
BUFFD2HVT                      2        4.320    tcbn65gplushvttc_ccs            
BUFFD4HVT                      1        3.240    tcbn65gplushvttc_ccs            
CKAN2D1HVT                     5       10.800    tcbn65gplushvttc_ccs            
CKBD0HVT                       4        5.760    tcbn65gplushvttc_ccs            
CKBD1HVT                      95      136.800    tcbn65gplushvttc_ccs            
CKMUX2D1HVT                    1        3.600    tcbn65gplushvttc_ccs            
CKND0HVT                       1        1.080    tcbn65gplushvttc_ccs            
CKND1HVT                    2704     2920.320    tcbn65gplushvttc_ccs            
CKND2D1HVT                   492      708.480    tcbn65gplushvttc_ccs            
CKND2HVT                       8       11.520    tcbn65gplushvttc_ccs            
CKXOR2D1HVT                 3273    11782.800    tcbn65gplushvttc_ccs            
CMPE42D1HVT                 2949    48835.440    tcbn65gplushvttc_ccs            
DEL005HVT                     90      194.400    tcbn65gplushvttc_ccs            
DFD1HVT                       63      453.600    tcbn65gplushvttc_ccs            
DFD2HVT                       18      149.040    tcbn65gplushvttc_ccs            
DFKCND1HVT                    17      140.760    tcbn65gplushvttc_ccs            
DFKCNQD1HVT                  567     4082.400    tcbn65gplushvttc_ccs            
DFKCNQD2HVT                    2       15.840    tcbn65gplushvttc_ccs            
DFKCSND1HVT                    8       74.880    tcbn65gplushvttc_ccs            
DFKSND1HVT                    69      621.000    tcbn65gplushvttc_ccs            
DFKSND2HVT                     7       68.040    tcbn65gplushvttc_ccs            
DFQD1HVT                    2485    16997.400    tcbn65gplushvttc_ccs            
DFQD2HVT                      39      280.800    tcbn65gplushvttc_ccs            
DFQD4HVT                       2       16.560    tcbn65gplushvttc_ccs            
EDFD1HVT                       5       48.600    tcbn65gplushvttc_ccs            
EDFD2HVT                       2       20.880    tcbn65gplushvttc_ccs            
EDFKCND1HVT                   39      407.160    tcbn65gplushvttc_ccs            
EDFKCND2HVT                    1       11.160    tcbn65gplushvttc_ccs            
EDFKCNQD1HVT                 770     7761.600    tcbn65gplushvttc_ccs            
EDFKCNQD2HVT                   7       73.080    tcbn65gplushvttc_ccs            
EDFKCNQD4HVT                   1       11.160    tcbn65gplushvttc_ccs            
EDFQD1HVT                   5333    49916.880    tcbn65gplushvttc_ccs            
FA1D0HVT                    3075    27675.000    tcbn65gplushvttc_ccs            
FCICIND1HVT                   50      234.000    tcbn65gplushvttc_ccs            
HA1D0HVT                    1494     8605.440    tcbn65gplushvttc_ccs            
IAO21D1HVT                    29       73.080    tcbn65gplushvttc_ccs            
IIND4D1HVT                    17       61.200    tcbn65gplushvttc_ccs            
IINR4D0HVT                     3       10.800    tcbn65gplushvttc_ccs            
IND2D1HVT                    317      684.720    tcbn65gplushvttc_ccs            
IND3D1HVT                     33       83.160    tcbn65gplushvttc_ccs            
IND4D1HVT                     63      181.440    tcbn65gplushvttc_ccs            
INR2D1HVT                    135      291.600    tcbn65gplushvttc_ccs            
INR2D2HVT                      7       20.160    tcbn65gplushvttc_ccs            
INR2XD0HVT                   132      285.120    tcbn65gplushvttc_ccs            
INR2XD1HVT                     1        2.880    tcbn65gplushvttc_ccs            
INR3D0HVT                     63      158.760    tcbn65gplushvttc_ccs            
INR3D1HVT                      6       21.600    tcbn65gplushvttc_ccs            
INR4D0HVT                    107      308.160    tcbn65gplushvttc_ccs            
INVD1HVT                    1980     2138.400    tcbn65gplushvttc_ccs            
INVD2HVT                     109      156.960    tcbn65gplushvttc_ccs            
INVD3HVT                      51      110.160    tcbn65gplushvttc_ccs            
INVD4HVT                      33       83.160    tcbn65gplushvttc_ccs            
INVD6HVT                       3        9.720    tcbn65gplushvttc_ccs            
IOA21D1HVT                   241      607.320    tcbn65gplushvttc_ccs            
MAOI222D0HVT                   2        5.760    tcbn65gplushvttc_ccs            
MAOI222D1HVT                 250      720.000    tcbn65gplushvttc_ccs            
MAOI22D1HVT                  145      417.600    tcbn65gplushvttc_ccs            
MOAI22D1HVT                  477     1373.760    tcbn65gplushvttc_ccs            
MUX2D0HVT                   1294     4192.560    tcbn65gplushvttc_ccs            
MUX2ND0HVT                  2476     7130.880    tcbn65gplushvttc_ccs            
MUX3D1HVT                      6       34.560    tcbn65gplushvttc_ccs            
MUX3ND0HVT                    19      102.600    tcbn65gplushvttc_ccs            
ND2D1HVT                     253      364.320    tcbn65gplushvttc_ccs            
ND3D1HVT                      28       60.480    tcbn65gplushvttc_ccs            
ND4D1HVT                     346      871.920    tcbn65gplushvttc_ccs            
NR2D1HVT                     460      662.400    tcbn65gplushvttc_ccs            
NR2D2HVT                      21       52.920    tcbn65gplushvttc_ccs            
NR2D3HVT                       3        9.720    tcbn65gplushvttc_ccs            
NR2XD0HVT                   1160     1670.400    tcbn65gplushvttc_ccs            
NR2XD1HVT                      9       22.680    tcbn65gplushvttc_ccs            
NR3D0HVT                      58      125.280    tcbn65gplushvttc_ccs            
NR3D1HVT                       2        6.480    tcbn65gplushvttc_ccs            
NR4D0HVT                     152      383.040    tcbn65gplushvttc_ccs            
NR4D1HVT                       1        3.600    tcbn65gplushvttc_ccs            
OA211D1HVT                    22       63.360    tcbn65gplushvttc_ccs            
OA21D1HVT                     56      141.120    tcbn65gplushvttc_ccs            
OA221D0HVT                     4       14.400    tcbn65gplushvttc_ccs            
OA222D1HVT                    31      133.920    tcbn65gplushvttc_ccs            
OA22D0HVT                     83      239.040    tcbn65gplushvttc_ccs            
OA31D1HVT                     13       37.440    tcbn65gplushvttc_ccs            
OA32D0HVT                      4       14.400    tcbn65gplushvttc_ccs            
OAI211D1HVT                   23       57.960    tcbn65gplushvttc_ccs            
OAI21D1HVT                   735     1587.600    tcbn65gplushvttc_ccs            
OAI221D0HVT                  213      613.440    tcbn65gplushvttc_ccs            
OAI222D0HVT                  192      622.080    tcbn65gplushvttc_ccs            
OAI22D1HVT                  6869    17309.880    tcbn65gplushvttc_ccs            
OAI31D1HVT                    77      194.040    tcbn65gplushvttc_ccs            
OAI31D2HVT                     6       25.920    tcbn65gplushvttc_ccs            
OAI32D1HVT                    15       43.200    tcbn65gplushvttc_ccs            
OAI33D1HVT                     8       25.920    tcbn65gplushvttc_ccs            
OR2D1HVT                     129      278.640    tcbn65gplushvttc_ccs            
OR2D2HVT                       1        2.520    tcbn65gplushvttc_ccs            
OR2D4HVT                       1        4.320    tcbn65gplushvttc_ccs            
OR2XD1HVT                     96      207.360    tcbn65gplushvttc_ccs            
OR3D1HVT                      19       47.880    tcbn65gplushvttc_ccs            
OR3XD1HVT                      1        2.520    tcbn65gplushvttc_ccs            
OR4D1HVT                      55      158.400    tcbn65gplushvttc_ccs            
OR4XD1HVT                      4       11.520    tcbn65gplushvttc_ccs            
SDFKCNQD0HVT                  31      312.480    tcbn65gplushvttc_ccs            
SDFQD0HVT                      4       34.560    tcbn65gplushvttc_ccs            
SDFQD1HVT                      1        9.000    tcbn65gplushvttc_ccs            
SEDFQD1HVT                     1       11.880    tcbn65gplushvttc_ccs            
TIEHHVT                        2        2.160    tcbn65gplushvttc_ccs            
TIELHVT                        2        2.160    tcbn65gplushvttc_ccs            
XNR2D1HVT                   5085    18306.000    tcbn65gplushvttc_ccs            
XNR3D1HVT                     49      299.880    tcbn65gplushvttc_ccs            
XNR4D1HVT                      3       27.000    tcbn65gplushvttc_ccs            
XOR2D1HVT                    153      550.800    tcbn65gplushvttc_ccs            
XOR3D0HVT                      4       24.480    tcbn65gplushvttc_ccs            
XOR3D1HVT                     52      318.240    tcbn65gplushvttc_ccs            
lut_sram_1024x16               2    43921.756    USERLIB_nldm_tt_1p00v_1p00v_25c 
pe_spad_1024x16_dp            16   935427.024    USERLIB_nldm_tt_1p00v_1p00v_25c 
picosoc_sram_2048x32           1    65316.796    USERLIB_nldm_tt_1p00v_1p00v_25c 
pingpong_sram_4096x16          2   126197.587    USERLIB_nldm_tt_1p00v_1p00v_25c 
---------------------------------------------------------------------------------
total                      56686  1443183.723                                    


            Library             Instances     Area    Instances % 
------------------------------------------------------------------
USERLIB_nldm_tt_1p00v_1p00v_25c        21 1170863.163         0.0 
tcbn65gplushvttc_ccs                56665  272320.560       100.0 

                                            
     Type      Instances     Area    Area % 
--------------------------------------------
timing_model          21 1170863.163   81.1 
sequential          9472   81518.760    5.6 
inverter            4889    5431.320    0.4 
buffer               201     357.480    0.0 
logic              42103  185013.000   12.8 
physical_cells         0       0.000    0.0 
--------------------------------------------
total              56686 1443183.723  100.0 

