TOOL:	xrun(64)	24.09-s007: Started on May 25, 2026 at 10:02:11 IST
xrun(64): 24.09-s007: (c) Copyright 1995-2025 Cadence Design Systems, Inc.
xrun: *N,CLEAN: Removing existing directory ./xcelium.d.
file: ../macros/picosoc_sram_2048x32/picosoc_sram_2048x32.v
	module worklib.picosoc_sram_2048x32:v
		errors: 0, warnings: 0
file: ../macros/pingpong_sram_4096x16/pingpong_sram_4096x16.v
	module worklib.pingpong_sram_4096x16:v
		errors: 0, warnings: 0
file: ../macros/pe_spad_1024x16_dp/pe_spad_1024x16_dp.v
	module worklib.pe_spad_1024x16_dp:v
		errors: 0, warnings: 0
file: ../macros/lut_sram_1024x16/lut_sram_1024x16.v
	module worklib.lut_sram_1024x16:v
		errors: 0, warnings: 0
file: ../reports/synthesis/hardware_netlist.v
	module worklib.picorv32_BARREL_SHIFTER1_ENABLE_PCPI1_ENABLE_IRQ1_ENABLE_IRQ_QREGS1_PROGADDR_RESET0_PROGADDR_IRQ16_STACKADDR8192:v
		errors: 0, warnings: 0
	module worklib.hardware:v
		errors: 0, warnings: 0
file: ../sourcecode/tb/testbench.v
	module worklib.testbench:v
		errors: 0, warnings: 0
	module worklib.qspi_flash_model:v
		errors: 0, warnings: 0
file: /vlsi/pdk/tsmc_gp_65_stdio/tcbn65gplushvt_200a/TSMCHOME/digital/Front_End/verilog/tcbn65gplushvt_200a/tcbn65gplushvt.v
	module tcbn65gplushvt.AN2XD1HVT:v
		errors: 0, warnings: 0
	module tcbn65gplushvt.AN3XD1HVT:v
		errors: 0, warnings: 0
	module tcbn65gplushvt.AN4XD1HVT:v
		errors: 0, warnings: 0
	module tcbn65gplushvt.AO211D1HVT:v
		errors: 0, warnings: 0
	module tcbn65gplushvt.AO21D1HVT:v
		errors: 0, warnings: 0
	module tcbn65gplushvt.AO221D0HVT:v
		errors: 0, warnings: 0
	module tcbn65gplushvt.AO222D1HVT:v
		errors: 0, warnings: 0
	module tcbn65gplushvt.AO22D0HVT:v
		errors: 0, warnings: 0
	module tcbn65gplushvt.AO31D1HVT:v
		errors: 0, warnings: 0
	module tcbn65gplushvt.AO32D1HVT:v
		errors: 0, warnings: 0
	module tcbn65gplushvt.AO33D1HVT:v
		errors: 0, warnings: 0
	module tcbn65gplushvt.AOI211D1HVT:v
		errors: 0, warnings: 0
	module tcbn65gplushvt.AOI211D2HVT:v
		errors: 0, warnings: 0
	module tcbn65gplushvt.AOI211XD0HVT:v
		errors: 0, warnings: 0
	module tcbn65gplushvt.AOI21D1HVT:v
		errors: 0, warnings: 0
	module tcbn65gplushvt.AOI221D0HVT:v
		errors: 0, warnings: 0
	module tcbn65gplushvt.AOI222D0HVT:v
		errors: 0, warnings: 0
	module tcbn65gplushvt.AOI222D4HVT:v
		errors: 0, warnings: 0
	module tcbn65gplushvt.AOI22D1HVT:v
		errors: 0, warnings: 0
	module tcbn65gplushvt.AOI31D1HVT:v
		errors: 0, warnings: 0
	module tcbn65gplushvt.AOI32D1HVT:v
		errors: 0, warnings: 0
	module tcbn65gplushvt.AOI33D1HVT:v
		errors: 0, warnings: 0
	module tcbn65gplushvt.BUFFD1HVT:v
		errors: 0, warnings: 0
	module tcbn65gplushvt.BUFFD2HVT:v
		errors: 0, warnings: 0
	module tcbn65gplushvt.BUFFD4HVT:v
		errors: 0, warnings: 0
	module tcbn65gplushvt.CKAN2D1HVT:v
		errors: 0, warnings: 0
	module tcbn65gplushvt.CKBD0HVT:v
		errors: 0, warnings: 0
	module tcbn65gplushvt.CKBD1HVT:v
		errors: 0, warnings: 0
	module tcbn65gplushvt.CKMUX2D1HVT:v
		errors: 0, warnings: 0
	module tcbn65gplushvt.CKND0HVT:v
		errors: 0, warnings: 0
	module tcbn65gplushvt.CKND1HVT:v
		errors: 0, warnings: 0
	module tcbn65gplushvt.CKND2D1HVT:v
		errors: 0, warnings: 0
	module tcbn65gplushvt.CKND2HVT:v
		errors: 0, warnings: 0
	module tcbn65gplushvt.CKXOR2D1HVT:v
		errors: 0, warnings: 0
	module tcbn65gplushvt.CMPE42D1HVT:v
		errors: 0, warnings: 0
	module tcbn65gplushvt.DEL005HVT:v
		errors: 0, warnings: 0
	module tcbn65gplushvt.DFD1HVT:v
		errors: 0, warnings: 0
	module tcbn65gplushvt.DFD2HVT:v
		errors: 0, warnings: 0
	module tcbn65gplushvt.DFKCND1HVT:v
		errors: 0, warnings: 0
	module tcbn65gplushvt.DFKCNQD1HVT:v
		errors: 0, warnings: 0
	module tcbn65gplushvt.DFKCNQD2HVT:v
		errors: 0, warnings: 0
	module tcbn65gplushvt.DFKCSND1HVT:v
		errors: 0, warnings: 0
	module tcbn65gplushvt.DFKSND1HVT:v
		errors: 0, warnings: 0
	module tcbn65gplushvt.DFKSND2HVT:v
		errors: 0, warnings: 0
	module tcbn65gplushvt.DFQD1HVT:v
		errors: 0, warnings: 0
	module tcbn65gplushvt.DFQD2HVT:v
		errors: 0, warnings: 0
	module tcbn65gplushvt.DFQD4HVT:v
		errors: 0, warnings: 0
	module tcbn65gplushvt.EDFD1HVT:v
		errors: 0, warnings: 0
	module tcbn65gplushvt.EDFD2HVT:v
		errors: 0, warnings: 0
	module tcbn65gplushvt.EDFKCND1HVT:v
		errors: 0, warnings: 0
	module tcbn65gplushvt.EDFKCND2HVT:v
		errors: 0, warnings: 0
	module tcbn65gplushvt.EDFKCNQD1HVT:v
		errors: 0, warnings: 0
	module tcbn65gplushvt.EDFKCNQD2HVT:v
		errors: 0, warnings: 0
	module tcbn65gplushvt.EDFKCNQD4HVT:v
		errors: 0, warnings: 0
	module tcbn65gplushvt.EDFQD1HVT:v
		errors: 0, warnings: 0
	module tcbn65gplushvt.FA1D0HVT:v
		errors: 0, warnings: 0
	module tcbn65gplushvt.FCICIND1HVT:v
		errors: 0, warnings: 0
	module tcbn65gplushvt.HA1D0HVT:v
		errors: 0, warnings: 0
	module tcbn65gplushvt.IAO21D1HVT:v
		errors: 0, warnings: 0
	module tcbn65gplushvt.IIND4D1HVT:v
		errors: 0, warnings: 0
	module tcbn65gplushvt.IINR4D0HVT:v
		errors: 0, warnings: 0
	module tcbn65gplushvt.IND2D1HVT:v
		errors: 0, warnings: 0
	module tcbn65gplushvt.IND3D1HVT:v
		errors: 0, warnings: 0
	module tcbn65gplushvt.IND4D1HVT:v
		errors: 0, warnings: 0
	module tcbn65gplushvt.INR2D1HVT:v
		errors: 0, warnings: 0
	module tcbn65gplushvt.INR2D2HVT:v
		errors: 0, warnings: 0
	module tcbn65gplushvt.INR2XD0HVT:v
		errors: 0, warnings: 0
	module tcbn65gplushvt.INR2XD1HVT:v
		errors: 0, warnings: 0
	module tcbn65gplushvt.INR3D0HVT:v
		errors: 0, warnings: 0
	module tcbn65gplushvt.INR3D1HVT:v
		errors: 0, warnings: 0
	module tcbn65gplushvt.INR4D0HVT:v
		errors: 0, warnings: 0
	module tcbn65gplushvt.INVD1HVT:v
		errors: 0, warnings: 0
	module tcbn65gplushvt.INVD2HVT:v
		errors: 0, warnings: 0
	module tcbn65gplushvt.INVD3HVT:v
		errors: 0, warnings: 0
	module tcbn65gplushvt.INVD4HVT:v
		errors: 0, warnings: 0
	module tcbn65gplushvt.INVD6HVT:v
		errors: 0, warnings: 0
	module tcbn65gplushvt.IOA21D1HVT:v
		errors: 0, warnings: 0
	module tcbn65gplushvt.MAOI222D0HVT:v
		errors: 0, warnings: 0
	module tcbn65gplushvt.MAOI222D1HVT:v
		errors: 0, warnings: 0
	module tcbn65gplushvt.MAOI22D1HVT:v
		errors: 0, warnings: 0
	module tcbn65gplushvt.MOAI22D1HVT:v
		errors: 0, warnings: 0
	module tcbn65gplushvt.MUX2D0HVT:v
		errors: 0, warnings: 0
	module tcbn65gplushvt.MUX2ND0HVT:v
		errors: 0, warnings: 0
	module tcbn65gplushvt.MUX3D1HVT:v
		errors: 0, warnings: 0
	module tcbn65gplushvt.MUX3ND0HVT:v
		errors: 0, warnings: 0
	module tcbn65gplushvt.ND2D1HVT:v
		errors: 0, warnings: 0
	module tcbn65gplushvt.ND3D1HVT:v
		errors: 0, warnings: 0
	module tcbn65gplushvt.ND4D1HVT:v
		errors: 0, warnings: 0
	module tcbn65gplushvt.NR2D1HVT:v
		errors: 0, warnings: 0
	module tcbn65gplushvt.NR2D2HVT:v
		errors: 0, warnings: 0
	module tcbn65gplushvt.NR2D3HVT:v
		errors: 0, warnings: 0
	module tcbn65gplushvt.NR2XD0HVT:v
		errors: 0, warnings: 0
	module tcbn65gplushvt.NR2XD1HVT:v
		errors: 0, warnings: 0
	module tcbn65gplushvt.NR3D0HVT:v
		errors: 0, warnings: 0
	module tcbn65gplushvt.NR3D1HVT:v
		errors: 0, warnings: 0
	module tcbn65gplushvt.NR4D0HVT:v
		errors: 0, warnings: 0
	module tcbn65gplushvt.NR4D1HVT:v
		errors: 0, warnings: 0
	module tcbn65gplushvt.OA211D1HVT:v
		errors: 0, warnings: 0
	module tcbn65gplushvt.OA21D1HVT:v
		errors: 0, warnings: 0
	module tcbn65gplushvt.OA221D0HVT:v
		errors: 0, warnings: 0
	module tcbn65gplushvt.OA222D1HVT:v
		errors: 0, warnings: 0
	module tcbn65gplushvt.OA22D0HVT:v
		errors: 0, warnings: 0
	module tcbn65gplushvt.OA31D1HVT:v
		errors: 0, warnings: 0
	module tcbn65gplushvt.OA32D0HVT:v
		errors: 0, warnings: 0
	module tcbn65gplushvt.OAI211D1HVT:v
		errors: 0, warnings: 0
	module tcbn65gplushvt.OAI21D1HVT:v
		errors: 0, warnings: 0
	module tcbn65gplushvt.OAI221D0HVT:v
		errors: 0, warnings: 0
	module tcbn65gplushvt.OAI222D0HVT:v
		errors: 0, warnings: 0
	module tcbn65gplushvt.OAI22D1HVT:v
		errors: 0, warnings: 0
	module tcbn65gplushvt.OAI31D1HVT:v
		errors: 0, warnings: 0
	module tcbn65gplushvt.OAI31D2HVT:v
		errors: 0, warnings: 0
	module tcbn65gplushvt.OAI32D1HVT:v
		errors: 0, warnings: 0
	module tcbn65gplushvt.OAI33D1HVT:v
		errors: 0, warnings: 0
	module tcbn65gplushvt.OR2D1HVT:v
		errors: 0, warnings: 0
	module tcbn65gplushvt.OR2D2HVT:v
		errors: 0, warnings: 0
	module tcbn65gplushvt.OR2D4HVT:v
		errors: 0, warnings: 0
	module tcbn65gplushvt.OR2XD1HVT:v
		errors: 0, warnings: 0
	module tcbn65gplushvt.OR3D1HVT:v
		errors: 0, warnings: 0
	module tcbn65gplushvt.OR3XD1HVT:v
		errors: 0, warnings: 0
	module tcbn65gplushvt.OR4D1HVT:v
		errors: 0, warnings: 0
	module tcbn65gplushvt.OR4XD1HVT:v
		errors: 0, warnings: 0
	module tcbn65gplushvt.SDFKCNQD0HVT:v
		errors: 0, warnings: 0
	module tcbn65gplushvt.SDFQD0HVT:v
		errors: 0, warnings: 0
	module tcbn65gplushvt.SDFQD1HVT:v
		errors: 0, warnings: 0
	module tcbn65gplushvt.SEDFQD1HVT:v
		errors: 0, warnings: 0
	module tcbn65gplushvt.TIEHHVT:v
		errors: 0, warnings: 0
	module tcbn65gplushvt.TIELHVT:v
		errors: 0, warnings: 0
	module tcbn65gplushvt.XNR2D1HVT:v
		errors: 0, warnings: 0
	module tcbn65gplushvt.XNR3D1HVT:v
		errors: 0, warnings: 0
	module tcbn65gplushvt.XNR4D1HVT:v
		errors: 0, warnings: 0
	module tcbn65gplushvt.XOR2D1HVT:v
		errors: 0, warnings: 0
	module tcbn65gplushvt.XOR3D0HVT:v
		errors: 0, warnings: 0
	module tcbn65gplushvt.XOR3D1HVT:v
		errors: 0, warnings: 0
	primitive tcbn65gplushvt.tsmc_dff:v
		errors: 0, warnings: 0
	primitive tcbn65gplushvt.tsmc_mux:v
		errors: 0, warnings: 0
	primitive tcbn65gplushvt.tsmc_xbuf:v
		errors: 0, warnings: 0
		Caching library 'worklib' ....... Done
	Elaborating the design hierarchy:
		Caching library 'worklib' ....... Done
		Caching library 'tcbn65gplushvt' ....... Done
	Top level design units:
		testbench
	Building instance overlay tables: .................... Done
	Generating native compiled code:
		worklib.qspi_flash_model:v <0x63173f97>
			streams:  14, words: 11942
		worklib.pingpong_sram_4096x16:v <0x20f8e2ef>
			streams:   8, words: 18917
		worklib.pe_spad_1024x16_dp:v <0x04ff2c54>
			streams:  13, words: 40960
		worklib.picorv32_BARREL_SHIFTER1_ENABLE_PCPI1_ENABLE_IRQ1_ENABLE_IRQ_QREGS1_PROGADDR_RESET0_PROGADDR_IRQ16_STACKADDR8192:v <0x61b70f2c>
			streams:   0, words:     0
		worklib.testbench:v <0x1eccdfcf>
			streams:  33, words: 78266
		worklib.picosoc_sram_2048x32:v <0x317856b1>
			streams:   8, words: 33178
		worklib.lut_sram_1024x16:v <0x0f4fe72d>
			streams:   8, words: 20425
		worklib.hardware:v <0x32fc9790>
			streams:   0, words:     0
		tcbn65gplushvt.MUX3D1HVT:v <0x0aba0d83>
			streams:   0, words:     0
		tcbn65gplushvt.XNR3D1HVT:v <0x69094ceb>
			streams:   0, words:     0
		tcbn65gplushvt.MUX3ND0HVT:v <0x7e7df5fa>
			streams:   0, words:     0
		tcbn65gplushvt.XNR4D1HVT:v <0x5a30c427>
			streams:   0, words:     0
		tcbn65gplushvt.XOR3D0HVT:v <0x33af7630>
			streams:   0, words:     0
		tcbn65gplushvt.CMPE42D1HVT:v <0x0a517eb7>
			streams:   0, words:     0
		tcbn65gplushvt.MAOI222D0HVT:v <0x33d48561>
			streams:   0, words:     0
		tcbn65gplushvt.EDFQD1HVT:v <0x2bde63ba>
			streams:   0, words:     0
		tcbn65gplushvt.OAI31D2HVT:v <0x0f1160ed>
			streams:   0, words:     0
		tcbn65gplushvt.EDFKCND1HVT:v <0x1c2975a5>
			streams:   0, words:     0
		tcbn65gplushvt.AOI222D4HVT:v <0x1efd236e>
			streams:   0, words:     0
		tcbn65gplushvt.AO33D1HVT:v <0x6b134883>
			streams:   0, words:     0
		tcbn65gplushvt.OA221D0HVT:v <0x562e2227>
			streams:   0, words:     0
		tcbn65gplushvt.OAI33D1HVT:v <0x060d61d6>
			streams:   0, words:     0
		tcbn65gplushvt.AOI33D1HVT:v <0x67cd040a>
			streams:   0, words:     0
		tcbn65gplushvt.OA32D0HVT:v <0x15db6bb4>
			streams:   0, words:     0
		tcbn65gplushvt.SDFQD1HVT:v <0x7228c0d1>
			streams:   0, words:     0
		tcbn65gplushvt.SDFQD0HVT:v <0x4379f9eb>
			streams:   0, words:     0
		tcbn65gplushvt.EDFKCNQD2HVT:v <0x35cdaed3>
			streams:   0, words:     0
		tcbn65gplushvt.DFKCNQD2HVT:v <0x76573c82>
			streams:   0, words:     0
		tcbn65gplushvt.CKMUX2D1HVT:v <0x18963828>
			streams:   0, words:     0
		tcbn65gplushvt.FCICIND1HVT:v <0x2c082d9d>
			streams:   0, words:     0
		tcbn65gplushvt.DFKCSND1HVT:v <0x45c9c6e3>
			streams:   0, words:     0
		tcbn65gplushvt.DFKSND2HVT:v <0x171f19f6>
			streams:   0, words:     0
		tcbn65gplushvt.OA22D0HVT:v <0x3a78fba5>
			streams:   0, words:     0
		tcbn65gplushvt.OA222D1HVT:v <0x1481b442>
			streams:   0, words:     0
		tcbn65gplushvt.CKXOR2D1HVT:v <0x1c4347f1>
			streams:   0, words:     0
		tcbn65gplushvt.FA1D0HVT:v <0x63d2dca0>
			streams:   0, words:     0
		tcbn65gplushvt.XOR3D1HVT:v <0x0e01d054>
			streams:   0, words:     0
		tcbn65gplushvt.EDFKCND2HVT:v <0x7c1a4d34>
			streams:   0, words:     0
		tcbn65gplushvt.EDFD1HVT:v <0x1a5864e7>
			streams:   0, words:     0
		tcbn65gplushvt.EDFD2HVT:v <0x6c353c36>
			streams:   0, words:     0
		tcbn65gplushvt.DFD2HVT:v <0x2a2e3281>
			streams:   0, words:     0
		tcbn65gplushvt.DFD1HVT:v <0x4b6d3e82>
			streams:   0, words:     0
		tcbn65gplushvt.DFKCND1HVT:v <0x13b4eef2>
			streams:   0, words:     0
		tcbn65gplushvt.AOI211D2HVT:v <0x196ebc4b>
			streams:   0, words:     0
		tcbn65gplushvt.MUX2ND0HVT:v <0x59fd1865>
			streams:   0, words:     0
		tcbn65gplushvt.AOI222D0HVT:v <0x2dc51741>
			streams:   0, words:     0
		tcbn65gplushvt.AOI211D1HVT:v <0x75f3a0d4>
			streams:   0, words:     0
		tcbn65gplushvt.AOI31D1HVT:v <0x3b62a1c3>
			streams:   0, words:     0
		tcbn65gplushvt.XOR2D1HVT:v <0x6b2c647c>
			streams:   0, words:     0
		tcbn65gplushvt.OAI22D1HVT:v <0x1a427ea9>
			streams:   0, words:     0
		tcbn65gplushvt.OAI32D1HVT:v <0x6936ad43>
			streams:   0, words:     0
		tcbn65gplushvt.AO222D1HVT:v <0x25ad7ed5>
			streams:   0, words:     0
		tcbn65gplushvt.DFQD4HVT:v <0x55dbd0d8>
			streams:   0, words:     0
		tcbn65gplushvt.SEDFQD1HVT:v <0x08f09700>
			streams:   0, words:     0
		tcbn65gplushvt.EDFKCNQD4HVT:v <0x3970a9b1>
			streams:   0, words:     0
		tcbn65gplushvt.SDFKCNQD0HVT:v <0x5aebc163>
			streams:   0, words:     0
		tcbn65gplushvt.DFQD2HVT:v <0x3212b295>
			streams:   0, words:     0
		tcbn65gplushvt.EDFQD1HVT:v <0x3d60b314>
			streams:   0, words:     0
		tcbn65gplushvt.EDFKCNQD1HVT:v <0x01bd1c2d>
			streams:   0, words:     0
		tcbn65gplushvt.XNR2D1HVT:v <0x57593849>
			streams:   0, words:     0
		tcbn65gplushvt.IAO21D1HVT:v <0x7ea17af6>
			streams:   0, words:     0
		tcbn65gplushvt.AO21D1HVT:v <0x7096f9c9>
			streams:   0, words:     0
		tcbn65gplushvt.OA21D1HVT:v <0x0dce936d>
			streams:   0, words:     0
		tcbn65gplushvt.HA1D0HVT:v <0x2463a44e>
			streams:   0, words:     0
		tcbn65gplushvt.OA31D1HVT:v <0x6c99efdf>
			streams:   0, words:     0
		tcbn65gplushvt.MAOI22D1HVT:v <0x5db4592b>
			streams:   0, words:     0
		tcbn65gplushvt.MOAI22D1HVT:v <0x49bf3585>
			streams:   0, words:     0
		tcbn65gplushvt.AOI22D1HVT:v <0x722b8d2e>
			streams:   0, words:     0
		tcbn65gplushvt.AO32D1HVT:v <0x5a223df0>
			streams:   0, words:     0
		tcbn65gplushvt.AOI32D1HVT:v <0x24f18dc8>
			streams:   0, words:     0
		tcbn65gplushvt.OAI221D0HVT:v <0x66026256>
			streams:   0, words:     0
		tcbn65gplushvt.AO31D1HVT:v <0x68211478>
			streams:   0, words:     0
		tcbn65gplushvt.MUX2D0HVT:v <0x57776a8d>
			streams:   0, words:     0
		tcbn65gplushvt.AOI221D0HVT:v <0x42f0d28c>
			streams:   0, words:     0
		tcbn65gplushvt.AO22D0HVT:v <0x171069da>
			streams:   0, words:     0
		tcbn65gplushvt.AO211D1HVT:v <0x2e49ea71>
			streams:   0, words:     0
		tcbn65gplushvt.OAI222D0HVT:v <0x5d373d13>
			streams:   0, words:     0
		tcbn65gplushvt.OAI31D1HVT:v <0x69d45f6e>
			streams:   0, words:     0
		tcbn65gplushvt.MAOI222D1HVT:v <0x13eea276>
			streams:   0, words:     0
		tcbn65gplushvt.OAI21D1HVT:v <0x6fe7054a>
			streams:   0, words:     0
		tcbn65gplushvt.AOI21D1HVT:v <0x74520cf9>
			streams:   0, words:     0
		tcbn65gplushvt.OA211D1HVT:v <0x490bee6c>
			streams:   0, words:     0
		tcbn65gplushvt.IOA21D1HVT:v <0x743c9a42>
			streams:   0, words:     0
		tcbn65gplushvt.AO221D0HVT:v <0x67e1470d>
			streams:   0, words:     0
		tcbn65gplushvt.AOI211XD0HVT:v <0x0991d809>
			streams:   0, words:     0
		tcbn65gplushvt.OAI211D1HVT:v <0x76b1bbd9>
			streams:   0, words:     0
		tcbn65gplushvt.DFKSND1HVT:v <0x5c0e9e06>
			streams:   0, words:     0
		tcbn65gplushvt.DFKCNQD1HVT:v <0x5e5d6360>
			streams:   0, words:     0
		tcbn65gplushvt.DFQD1HVT:v <0x6c4e8093>
			streams:   0, words:     0
	Building instance specific data structures.
	Loading native compiled code:     .................... Done
xmelab: *W,XPWDIS: There are blocks in the design which have not been enabled for Xprop. To understand the details, user is recommended to run with -xverbose switch at elaboration.
	Design hierarchy summary:
		                     Instances  Unique
		Modules:                56,690     141
		UDPs:                   43,972       3
		Primitives:            204,979       9
		Registers:              10,257     180
		Scalar wires:           27,482       -
		Expanded wires:              4       1
		Vectored wires:             37       -
		Always blocks:              82      18
		Initial blocks:             89      27
		Cont. assignments:          74     443
		Pseudo assignments:          2       -
		Timing checks:          87,872       -
		Process Clocks:             18      18
		Simulation timescale:      1ps
	Writing initial simulation snapshot: worklib.testbench:v
Loading snapshot worklib.testbench:v .................... Done
This snapshot is X-propagation enabled.
xcelium> source /vlsi/cad/cadence/XCELIUM2409/tools/xcelium/files/xmsimrc
xcelium> # Xcelium simulation initialisation
xcelium> # X initialization handled by -xprop tbx in xrun_options.glv.
xcelium> 
xcelium> # qspi_cs_n_reg synthesized without reset pin (EDFQD — Genus enable optimization).
xcelium> # TSMC_INIT_0 sets it to 0 (CS asserted) at t=0. Force to 1 (CS deasserted) before run.
xcelium> force testbench.dut.qspi_cs_n 1 0
xmsim: *E,DENOTS: No time specification given for value: 0.
xcelium> 
xcelium> run
[FLASH] Loaded: input[0]=0x000d  weight[0]=0x0007  bias[0]=0x00000003
------------------------------------------------------------
[SRAM1] Loading CPU firmware...
[SRAM1] hex read.  word[0]=0x1840006f  word[1]=0x00000013
[SRAM1 PASS] All 2048 words OK.
------------------------------------------------------------
[SRAM2] Loading reciprocal LUT...
[SRAM2] hex read.  word[0]=0xffff  word[512]=0xaaaa
[SRAM2 PASS] All 1024 words OK.
[SRAM2] Q_int pre-initialized to 0x0000 (will be overwritten on first read).
------------------------------------------------------------
[SRAM3] Loading sigmoid LUT...
[SRAM3] hex read.  word[0]=0x0016  word[512]=0x8000
[SRAM3 PASS] All 1024 words OK.
------------------------------------------------------------
[ALL PASS] All 3 SRAMs verified. Backdoor load working.
------------------------------------------------------------
[LOGS] Opening log files...
[LOGS OK] qspi_log.txt opened fd=-2147483645
[LOGS OK] pe_log.txt opened fd=-2147483644
------------------------------------------------------------
[GOLDEN9] Loading layer_9_dense_golden...
[GOLDEN9] word[0]=0x004d  word[1]=0x0045  word[479]=0xxxxx
------------------------------------------------------------
[GOLDEN10] Loading layer_10_dense_golden...
[GOLDEN10] word[0]=0x00dd  word[1]=0xxxxx  word[479]=0xxxxx
------------------------------------------------------------
[GOLDEN11] Loading layer_11_sigmoid_golden...
[GOLDEN11] golden_sigmoid[0]=0xfa1d
------------------------------------------------------------
[INIT COMPLETE] All SRAMs loaded. All golden files loaded. Log files open.
[RESET] pin_2=0, holding reset for 100 cycles...
[LEDS] user_leds changed to 0000 at t=31000
[RESET] pin_2=1 at t=6219000 — reset released. Hardware running.
[SRAM2 REINIT] recip_lut mem[] restored after reset. Q_int=0.
[SRAM3 REINIT] sigmoid_lut mem[] restored after reset. Q_int=0.
Hardware Simulation Started...
[QSPI] CS asserted (transaction 1) at t=318281000
[QSPI] CS asserted (transaction 2) at t=320281000
[QSPI] CS asserted (transaction 3) at t=332594000
[QSPI] CS asserted (transaction 4) at t=334594000
[QSPI] CS asserted (transaction 5) at t=349156000
[QSPI] CS asserted (transaction 6) at t=351156000
[QSPI] CS asserted (transaction 7) at t=363469000
[QSPI] CS asserted (transaction 8) at t=365469000
[QSPI] CS asserted (transaction 9) at t=380031000
[QSPI] CS asserted (transaction 10) at t=382031000
[PONG] Write #0: addr=0 data=0x005b t=6002844000
[PONG] Write #1: addr=0 data=0x005b t=6002906000
[PONG] Write #2: addr=1 data=0x005b t=6011094000
[PONG] Write #3: addr=1 data=0x005b t=6011156000
[PONG] Write #4: addr=2 data=0x0064 t=6019344000
[PONG] Write #5: addr=2 data=0x0064 t=6019406000
[PONG] Write #6: addr=3 data=0x0066 t=6027594000
[PONG] Write #7: addr=3 data=0x0066 t=6027656000
[PONG] Write #8: addr=4 data=0x005d t=6035844000
[PONG] Write #9: addr=4 data=0x005d t=6035906000
[HB] 500K cycles elapsed. user_leds=0000  pc=0xzz000388  pcpi=1  t=31249969000
[HB] 1000K cycles elapsed. user_leds=0000  pc=0xzz000378  pcpi=1  t=62499969000
[HB] 1500K cycles elapsed. user_leds=0000  pc=0xzz000368  pcpi=1  t=93749969000
[HB] 2000K cycles elapsed. user_leds=0000  pc=0xzz000288  pcpi=1  t=124999969000
[HB] 2500K cycles elapsed. user_leds=0000  pc=0xzz0003d8  pcpi=1  t=156249969000
[HB] 3000K cycles elapsed. user_leds=0000  pc=0xzz0003c8  pcpi=1  t=187499969000
[HB] 3500K cycles elapsed. user_leds=0000  pc=0xzz0003b8  pcpi=1  t=218749969000
[HB] 4000K cycles elapsed. user_leds=0000  pc=0xzz0002d8  pcpi=1  t=249999969000
[HB] 4500K cycles elapsed. user_leds=0000  pc=0xzz0002c8  pcpi=1  t=281249969000
[HB] 5000K cycles elapsed. user_leds=0000  pc=0xzz0002b8  pcpi=1  t=312499969000
[HB] 5500K cycles elapsed. user_leds=0000  pc=0xzz0002e8  pcpi=1  t=343749969000
[HB] 6000K cycles elapsed. user_leds=0000  pc=0xzz000388  pcpi=1  t=374999969000
[HB] 6500K cycles elapsed. user_leds=0000  pc=0xzz000368  pcpi=1  t=406249969000
[HB] 7000K cycles elapsed. user_leds=0000  pc=0xzz001ebc  pcpi=0  t=437499969000
[PING] Write #0: addr=0 data=0x0036 recip_q=0x8888 t=459070406000
[PING] Write #1: addr=1 data=0x0036 recip_q=0x8888 t=459070719000
[PING] Write #2: addr=2 data=0x0082 recip_q=0x8888 t=459071031000
[PING] Write #3: addr=3 data=0x00a5 recip_q=0x8888 t=459071344000
[PING] Write #4: addr=4 data=0x003a recip_q=0x8888 t=459071656000
[PING] Write #5: addr=5 data=0x0036 recip_q=0x8888 t=459071969000
[PING] Write #6: addr=6 data=0x00d4 recip_q=0x8888 t=459072281000
[PING] Write #7: addr=7 data=0x0064 recip_q=0x8888 t=459072594000
[PING] Write #8: addr=8 data=0x0045 recip_q=0x8888 t=459072906000
[PING] Write #9: addr=9 data=0x0036 recip_q=0x8888 t=459073219000
[HB] 7500K cycles elapsed. user_leds=0000  pc=0xzz000298  pcpi=1  t=468749969000
[HB] 8000K cycles elapsed. user_leds=0000  pc=0xzz0002c8  pcpi=1  t=499999969000
[HB] 8500K cycles elapsed. user_leds=0000  pc=0xzz0003c8  pcpi=1  t=531249969000
[HB] 9000K cycles elapsed. user_leds=0000  pc=0xzz001eb8  pcpi=0  t=562499969000
[HB] 9500K cycles elapsed. user_leds=0000  pc=0xzz000388  pcpi=1  t=593749969000
[HB] 10000K cycles elapsed. user_leds=0000  pc=0xzz0003b8  pcpi=1  t=624999969000
[HB] 10500K cycles elapsed. user_leds=0000  pc=0xzz0002c8  pcpi=1  t=656249969000
[HB] 11000K cycles elapsed. user_leds=0000  pc=0xzz0003d8  pcpi=1  t=687499969000
[HB] 11500K cycles elapsed. user_leds=0000  pc=0xzz000378  pcpi=1  t=718749969000
[HB] 12000K cycles elapsed. user_leds=0000  pc=0xzz0005c0  pcpi=0  t=749999969000
[HB] 12500K cycles elapsed. user_leds=0000  pc=0xzz000398  pcpi=1  t=781249969000
[HB] 13000K cycles elapsed. user_leds=0000  pc=0xzz0002c8  pcpi=1  t=812499969000
[LEDS] user_leds changed to 0001 at t=829184469000
[DONE] user_leds[0] asserted at t=829184469000 — hardware signaled done.
Starting Comparison...
odd [PASS] Index 0: Expected 004d, Got 004d
odd [PASS] Index 1: Expected 0045, Got 0045
odd [PASS] Index 2: Expected 00b3, Got 00b3
odd [PASS] Index 3: Expected 0045, Got 0045
odd [PASS] Index 4: Expected 0045, Got 0045
odd [PASS] Index 5: Expected 0045, Got 0045
odd [PASS] Index 6: Expected 0045, Got 0045
odd [PASS] Index 7: Expected 00c6, Got 00c6
odd [PASS] Index 8: Expected 00ca, Got 00ca
odd [PASS] Index 9: Expected 0045, Got 0045
odd [PASS] Index 10: Expected 0045, Got 0045
odd [PASS] Index 11: Expected 0045, Got 0045
odd [PASS] Index 12: Expected 0045, Got 0045
odd [PASS] Index 13: Expected 0045, Got 0045
odd [PASS] Index 14: Expected 0045, Got 0045
odd [PASS] Index 15: Expected 0045, Got 0045
even [PASS] Index 0: Expected 00dd, Got 00dd
Waiting for Final Sigmoid Output...
[SUCCESS] FINAL SIGMOID: Expected fa1d, Got fa1d
----Seizure----
SUCCESSFUL!
Simulation complete via $finish(1) at time 829184468750 PS + 3
../sourcecode/tb/testbench.v:360         $finish;
xcelium> exit
TOOL:	xrun(64)	24.09-s007: Exiting on May 25, 2026 at 10:05:58 IST  (total: 00:03:47)
