============================================================
  Generated by:           Genus(TM) Synthesis Solution 20.12-s150_1
  Generated on:           May 25 2026  07:54:17 am
  Module:                 hardware
  Technology libraries:   tcbn65gplushvttc_ccs 200
                          USERLIB_nldm_tt_1p00v_1p00v_25c 1.1
                          physical_cells 
  Operating conditions:   NCCOM 
  Interconnect mode:      global
  Area mode:              physical library
============================================================

	Timing
	------

 Slack                        Endpoint                      Cost Group 
----------------------------------------------------------------------------
+4034ps decoder_acc_inst_pe_array_PE2_relu_out_reg_reg[7]/D clk_16mhz  


	Area
	----

Instance Module  Cell Count   Cell Area   Net Area   Total Area 
----------------------------------------------------------------
hardware              56686 1443183.723 110147.160  1553330.883 

	Design Rule Check
	-----------------

Max_transition design rule: no violations.

Max_capacitance design rule: no violations.

Max_fanout design rule (violation total = 103.000)
Worst violator:
Pin                                                              Fanout           Max     Violation
-----------------------------------------------------------------------------------------------------
soc_cpu/g82136/Z                                                 35.000        20.000        15.000



