============================================================
  Generated by:           Genus(TM) Synthesis Solution 20.12-s150_1
  Generated on:           May 25 2026  07:54:12 am
  Module:                 hardware
  Technology libraries:   tcbn65gplushvttc_ccs 200
                          USERLIB_nldm_tt_1p00v_1p00v_25c 1.1
                          physical_cells 
  Operating conditions:   NCCOM 
  Interconnect mode:      global
  Area mode:              physical library
============================================================

                                        Pin                                                  Type       Fanout Load Slew Delay Arrival   
                                                                                                               (fF) (ps)  (ps)   (ps)    
-----------------------------------------------------------------------------------------------------------------------------------------
(clock clk_16mhz)                                                                         launch                                     0 R 
decoder_acc_inst_pe_array_PE2_qat_mult_reg_reg[1]/CP                                                                   0    +0       0 R 
decoder_acc_inst_pe_array_PE2_qat_mult_reg_reg[1]/Q                                       DFQD1HVT           3  6.3   51   +99      99 R 
csa_tree_decoder_acc_inst_pe_array_PE2_requantizer0_add_43_32_groupi_g20713/I                                               +0      99   
csa_tree_decoder_acc_inst_pe_array_PE2_requantizer0_add_43_32_groupi_g20713/ZN            CKND1HVT           3  6.2   42   +40     140 F 
csa_tree_decoder_acc_inst_pe_array_PE2_requantizer0_add_43_32_groupi_g20711/I                                               +0     140   
csa_tree_decoder_acc_inst_pe_array_PE2_requantizer0_add_43_32_groupi_g20711/ZN            INVD1HVT          13 30.1  210  +131     271 R 
csa_tree_decoder_acc_inst_pe_array_PE2_requantizer0_add_43_32_groupi_g20601/A2                                              +0     271   
csa_tree_decoder_acc_inst_pe_array_PE2_requantizer0_add_43_32_groupi_g20601/ZN            CKND2D1HVT        20 39.6  301  +238     509 F 
csa_tree_decoder_acc_inst_pe_array_PE2_requantizer0_add_43_32_groupi_g20600/I                                               +0     509   
csa_tree_decoder_acc_inst_pe_array_PE2_requantizer0_add_43_32_groupi_g20600/ZN            CKND1HVT           3  6.5  118  +100     609 R 
csa_tree_decoder_acc_inst_pe_array_PE2_requantizer0_add_43_32_groupi_g20591/I                                               +0     609   
csa_tree_decoder_acc_inst_pe_array_PE2_requantizer0_add_43_32_groupi_g20591/ZN            INVD1HVT          10 20.3   98   +91     700 F 
csa_tree_decoder_acc_inst_pe_array_PE2_requantizer0_add_43_32_groupi_g18599/A2                                              +0     700   
csa_tree_decoder_acc_inst_pe_array_PE2_requantizer0_add_43_32_groupi_g18599/ZN            OAI22D1HVT         1  3.6   97   +76     776 R 
csa_tree_decoder_acc_inst_pe_array_PE2_requantizer0_add_43_32_groupi_cdnfadd_002_0/B                                        +0     776   
csa_tree_decoder_acc_inst_pe_array_PE2_requantizer0_add_43_32_groupi_cdnfadd_002_0/S      FA1D0HVT           1  2.7   38  +152     929 F 
csa_tree_decoder_acc_inst_pe_array_PE2_requantizer0_add_43_32_groupi_g17868/I                                               +0     929   
csa_tree_decoder_acc_inst_pe_array_PE2_requantizer0_add_43_32_groupi_g17868/ZN            INVD1HVT           2  4.5   42   +36     964 R 
csa_tree_decoder_acc_inst_pe_array_PE2_requantizer0_add_43_32_groupi_g17863/A1                                              +0     964   
csa_tree_decoder_acc_inst_pe_array_PE2_requantizer0_add_43_32_groupi_g17863/ZN            NR3D0HVT           2  4.6   68   +44    1009 F 
csa_tree_decoder_acc_inst_pe_array_PE2_requantizer0_add_43_32_groupi_g17861/B                                               +0    1009   
csa_tree_decoder_acc_inst_pe_array_PE2_requantizer0_add_43_32_groupi_g17861/Z             AO21D1HVT          1  2.7   24   +78    1087 F 
csa_tree_decoder_acc_inst_pe_array_PE2_requantizer0_add_43_32_groupi_g17858/CI                                              +0    1087   
csa_tree_decoder_acc_inst_pe_array_PE2_requantizer0_add_43_32_groupi_g17858/CO            FA1D0HVT           1  2.7   37   +81    1168 F 
csa_tree_decoder_acc_inst_pe_array_PE2_requantizer0_add_43_32_groupi_g17857/CI                                              +0    1168   
csa_tree_decoder_acc_inst_pe_array_PE2_requantizer0_add_43_32_groupi_g17857/CO            FA1D0HVT           1  2.7   37   +86    1254 F 
csa_tree_decoder_acc_inst_pe_array_PE2_requantizer0_add_43_32_groupi_g17856/CI                                              +0    1254   
csa_tree_decoder_acc_inst_pe_array_PE2_requantizer0_add_43_32_groupi_g17856/CO            FA1D0HVT           1  2.7   37   +86    1340 F 
csa_tree_decoder_acc_inst_pe_array_PE2_requantizer0_add_43_32_groupi_g17855/CI                                              +0    1340   
csa_tree_decoder_acc_inst_pe_array_PE2_requantizer0_add_43_32_groupi_g17855/CO            FA1D0HVT           1  2.7   37   +86    1426 F 
csa_tree_decoder_acc_inst_pe_array_PE2_requantizer0_add_43_32_groupi_g17854/CI                                              +0    1426   
csa_tree_decoder_acc_inst_pe_array_PE2_requantizer0_add_43_32_groupi_g17854/CO            FA1D0HVT           1  2.7   37   +86    1512 F 
csa_tree_decoder_acc_inst_pe_array_PE2_requantizer0_add_43_32_groupi_g17853/CI                                              +0    1512   
csa_tree_decoder_acc_inst_pe_array_PE2_requantizer0_add_43_32_groupi_g17853/CO            FA1D0HVT           1  2.7   37   +86    1598 F 
csa_tree_decoder_acc_inst_pe_array_PE2_requantizer0_add_43_32_groupi_g17852/CI                                              +0    1598   
csa_tree_decoder_acc_inst_pe_array_PE2_requantizer0_add_43_32_groupi_g17852/CO            FA1D0HVT           1  2.7   37   +86    1684 F 
csa_tree_decoder_acc_inst_pe_array_PE2_requantizer0_add_43_32_groupi_g17851/CI                                              +0    1684   
csa_tree_decoder_acc_inst_pe_array_PE2_requantizer0_add_43_32_groupi_g17851/CO            FA1D0HVT           1  2.7   37   +86    1770 F 
csa_tree_decoder_acc_inst_pe_array_PE2_requantizer0_add_43_32_groupi_g17850/CI                                              +0    1770   
csa_tree_decoder_acc_inst_pe_array_PE2_requantizer0_add_43_32_groupi_g17850/CO            FA1D0HVT           1  2.7   37   +86    1856 F 
csa_tree_decoder_acc_inst_pe_array_PE2_requantizer0_add_43_32_groupi_g17849/CI                                              +0    1856   
csa_tree_decoder_acc_inst_pe_array_PE2_requantizer0_add_43_32_groupi_g17849/CO            FA1D0HVT           1  2.7   37   +86    1941 F 
csa_tree_decoder_acc_inst_pe_array_PE2_requantizer0_add_43_32_groupi_g17848/CI                                              +0    1941   
csa_tree_decoder_acc_inst_pe_array_PE2_requantizer0_add_43_32_groupi_g17848/CO            FA1D0HVT           1  2.7   37   +86    2027 F 
csa_tree_decoder_acc_inst_pe_array_PE2_requantizer0_add_43_32_groupi_g17847/CI                                              +0    2027   
csa_tree_decoder_acc_inst_pe_array_PE2_requantizer0_add_43_32_groupi_g17847/CO            FA1D0HVT           1  2.7   37   +86    2113 F 
csa_tree_decoder_acc_inst_pe_array_PE2_requantizer0_add_43_32_groupi_g17846/CI                                              +0    2113   
csa_tree_decoder_acc_inst_pe_array_PE2_requantizer0_add_43_32_groupi_g17846/CO            FA1D0HVT           1  2.7   37   +86    2199 F 
csa_tree_decoder_acc_inst_pe_array_PE2_requantizer0_add_43_32_groupi_g17845/CI                                              +0    2199   
csa_tree_decoder_acc_inst_pe_array_PE2_requantizer0_add_43_32_groupi_g17845/CO            FA1D0HVT           1  2.7   37   +86    2285 F 
csa_tree_decoder_acc_inst_pe_array_PE2_requantizer0_add_43_32_groupi_g17844/CI                                              +0    2285   
csa_tree_decoder_acc_inst_pe_array_PE2_requantizer0_add_43_32_groupi_g17844/CO            FA1D0HVT           1  2.7   37   +86    2371 F 
csa_tree_decoder_acc_inst_pe_array_PE2_requantizer0_add_43_32_groupi_g17843/CI                                              +0    2371   
csa_tree_decoder_acc_inst_pe_array_PE2_requantizer0_add_43_32_groupi_g17843/CO            FA1D0HVT           1  2.7   37   +86    2457 F 
csa_tree_decoder_acc_inst_pe_array_PE2_requantizer0_add_43_32_groupi_g17842/CI                                              +0    2457   
csa_tree_decoder_acc_inst_pe_array_PE2_requantizer0_add_43_32_groupi_g17842/CO            FA1D0HVT           1  2.7   37   +86    2543 F 
csa_tree_decoder_acc_inst_pe_array_PE2_requantizer0_add_43_32_groupi_g17841/CI                                              +0    2543   
csa_tree_decoder_acc_inst_pe_array_PE2_requantizer0_add_43_32_groupi_g17841/CO            FA1D0HVT           1  2.7   37   +86    2629 F 
csa_tree_decoder_acc_inst_pe_array_PE2_requantizer0_add_43_32_groupi_g17840/CI                                              +0    2629   
csa_tree_decoder_acc_inst_pe_array_PE2_requantizer0_add_43_32_groupi_g17840/CO            FA1D0HVT           1  2.7   37   +86    2714 F 
csa_tree_decoder_acc_inst_pe_array_PE2_requantizer0_add_43_32_groupi_g17839/CI                                              +0    2714   
csa_tree_decoder_acc_inst_pe_array_PE2_requantizer0_add_43_32_groupi_g17839/CO            FA1D0HVT           1  2.7   37   +86    2800 F 
csa_tree_decoder_acc_inst_pe_array_PE2_requantizer0_add_43_32_groupi_g17838/CI                                              +0    2800   
csa_tree_decoder_acc_inst_pe_array_PE2_requantizer0_add_43_32_groupi_g17838/CO            FA1D0HVT           1  2.7   37   +86    2886 F 
csa_tree_decoder_acc_inst_pe_array_PE2_requantizer0_add_43_32_groupi_g17837/CI                                              +0    2886   
csa_tree_decoder_acc_inst_pe_array_PE2_requantizer0_add_43_32_groupi_g17837/CO            FA1D0HVT           1  2.7   37   +86    2972 F 
csa_tree_decoder_acc_inst_pe_array_PE2_requantizer0_add_43_32_groupi_g17836/CI                                              +0    2972   
csa_tree_decoder_acc_inst_pe_array_PE2_requantizer0_add_43_32_groupi_g17836/CO            FA1D0HVT           1  2.7   37   +86    3058 F 
csa_tree_decoder_acc_inst_pe_array_PE2_requantizer0_add_43_32_groupi_g17835/CI                                              +0    3058   
csa_tree_decoder_acc_inst_pe_array_PE2_requantizer0_add_43_32_groupi_g17835/CO            FA1D0HVT           1  2.7   37   +86    3144 F 
csa_tree_decoder_acc_inst_pe_array_PE2_requantizer0_add_43_32_groupi_g17834/CI                                              +0    3144   
csa_tree_decoder_acc_inst_pe_array_PE2_requantizer0_add_43_32_groupi_g17834/CO            FA1D0HVT           1  2.7   37   +86    3230 F 
csa_tree_decoder_acc_inst_pe_array_PE2_requantizer0_add_43_32_groupi_g17833/CI                                              +0    3230   
csa_tree_decoder_acc_inst_pe_array_PE2_requantizer0_add_43_32_groupi_g17833/CO            FA1D0HVT           1  2.7   37   +86    3316 F 
csa_tree_decoder_acc_inst_pe_array_PE2_requantizer0_add_43_32_groupi_g17832/CI                                              +0    3316   
csa_tree_decoder_acc_inst_pe_array_PE2_requantizer0_add_43_32_groupi_g17832/CO            FA1D0HVT           1  2.7   37   +86    3402 F 
csa_tree_decoder_acc_inst_pe_array_PE2_requantizer0_add_43_32_groupi_g17831/CI                                              +0    3402   
csa_tree_decoder_acc_inst_pe_array_PE2_requantizer0_add_43_32_groupi_g17831/CO            FA1D0HVT           1  2.7   37   +86    3488 F 
csa_tree_decoder_acc_inst_pe_array_PE2_requantizer0_add_43_32_groupi_g17830/CI                                              +0    3488   
csa_tree_decoder_acc_inst_pe_array_PE2_requantizer0_add_43_32_groupi_g17830/CO            FA1D0HVT           1  2.7   37   +86    3574 F 
csa_tree_decoder_acc_inst_pe_array_PE2_requantizer0_add_43_32_groupi_g17829/CI                                              +0    3574   
csa_tree_decoder_acc_inst_pe_array_PE2_requantizer0_add_43_32_groupi_g17829/CO            FA1D0HVT           1  2.7   37   +86    3659 F 
csa_tree_decoder_acc_inst_pe_array_PE2_requantizer0_add_43_32_groupi_g17828/CI                                              +0    3659   
csa_tree_decoder_acc_inst_pe_array_PE2_requantizer0_add_43_32_groupi_g17828/CO            FA1D0HVT           1  2.7   37   +86    3745 F 
csa_tree_decoder_acc_inst_pe_array_PE2_requantizer0_add_43_32_groupi_g17827/CI                                              +0    3745   
csa_tree_decoder_acc_inst_pe_array_PE2_requantizer0_add_43_32_groupi_g17827/CO            FA1D0HVT           1  2.7   37   +86    3831 F 
csa_tree_decoder_acc_inst_pe_array_PE2_requantizer0_add_43_32_groupi_g17826/CI                                              +0    3831   
csa_tree_decoder_acc_inst_pe_array_PE2_requantizer0_add_43_32_groupi_g17826/CO            FA1D0HVT           1  2.7   37   +86    3917 F 
csa_tree_decoder_acc_inst_pe_array_PE2_requantizer0_add_43_32_groupi_g17825/CI                                              +0    3917   
csa_tree_decoder_acc_inst_pe_array_PE2_requantizer0_add_43_32_groupi_g17825/CO            FA1D0HVT           1  2.7   37   +86    4003 F 
csa_tree_decoder_acc_inst_pe_array_PE2_requantizer0_add_43_32_groupi_g17824/CI                                              +0    4003   
csa_tree_decoder_acc_inst_pe_array_PE2_requantizer0_add_43_32_groupi_g17824/CO            FA1D0HVT           1  2.7   37   +86    4089 F 
csa_tree_decoder_acc_inst_pe_array_PE2_requantizer0_add_43_32_groupi_g17823/CI                                              +0    4089   
csa_tree_decoder_acc_inst_pe_array_PE2_requantizer0_add_43_32_groupi_g17823/CO            FA1D0HVT           1  2.7   37   +86    4175 F 
csa_tree_decoder_acc_inst_pe_array_PE2_requantizer0_add_43_32_groupi_g17822/CI                                              +0    4175   
csa_tree_decoder_acc_inst_pe_array_PE2_requantizer0_add_43_32_groupi_g17822/CO            FA1D0HVT           1  2.7   37   +86    4261 F 
csa_tree_decoder_acc_inst_pe_array_PE2_requantizer0_add_43_32_groupi_g17821/CI                                              +0    4261   
csa_tree_decoder_acc_inst_pe_array_PE2_requantizer0_add_43_32_groupi_g17821/CO            FA1D0HVT           1  2.7   37   +86    4347 F 
csa_tree_decoder_acc_inst_pe_array_PE2_requantizer0_add_43_32_groupi_g17820/CI                                              +0    4347   
csa_tree_decoder_acc_inst_pe_array_PE2_requantizer0_add_43_32_groupi_g17820/CO            FA1D0HVT           1  2.7   37   +86    4432 F 
csa_tree_decoder_acc_inst_pe_array_PE2_requantizer0_add_43_32_groupi_g17819/CI                                              +0    4432   
csa_tree_decoder_acc_inst_pe_array_PE2_requantizer0_add_43_32_groupi_g17819/CO            FA1D0HVT           1  2.7   37   +86    4518 F 
csa_tree_decoder_acc_inst_pe_array_PE2_requantizer0_add_43_32_groupi_g17818/CI                                              +0    4518   
csa_tree_decoder_acc_inst_pe_array_PE2_requantizer0_add_43_32_groupi_g17818/CO            FA1D0HVT           1  2.7   37   +86    4604 F 
csa_tree_decoder_acc_inst_pe_array_PE2_requantizer0_add_43_32_groupi_g17817/CI                                              +0    4604   
csa_tree_decoder_acc_inst_pe_array_PE2_requantizer0_add_43_32_groupi_g17817/CO            FA1D0HVT           1  2.7   37   +86    4690 F 
csa_tree_decoder_acc_inst_pe_array_PE2_requantizer0_add_43_32_groupi_g17816/CI                                              +0    4690   
csa_tree_decoder_acc_inst_pe_array_PE2_requantizer0_add_43_32_groupi_g17816/CO            FA1D0HVT           1  2.7   37   +86    4776 F 
csa_tree_decoder_acc_inst_pe_array_PE2_requantizer0_add_43_32_groupi_g17815/CI                                              +0    4776   
csa_tree_decoder_acc_inst_pe_array_PE2_requantizer0_add_43_32_groupi_g17815/CO            FA1D0HVT           1  2.7   37   +86    4862 F 
csa_tree_decoder_acc_inst_pe_array_PE2_requantizer0_add_43_32_groupi_g17814/CI                                              +0    4862   
csa_tree_decoder_acc_inst_pe_array_PE2_requantizer0_add_43_32_groupi_g17814/CO            FA1D0HVT           1  2.7   37   +86    4948 F 
csa_tree_decoder_acc_inst_pe_array_PE2_requantizer0_add_43_32_groupi_g17813/CI                                              +0    4948   
csa_tree_decoder_acc_inst_pe_array_PE2_requantizer0_add_43_32_groupi_g17813/CO            FA1D0HVT           1  2.7   37   +86    5034 F 
csa_tree_decoder_acc_inst_pe_array_PE2_requantizer0_add_43_32_groupi_g17812/CI                                              +0    5034   
csa_tree_decoder_acc_inst_pe_array_PE2_requantizer0_add_43_32_groupi_g17812/CO            FA1D0HVT           1  2.7   37   +86    5120 F 
csa_tree_decoder_acc_inst_pe_array_PE2_requantizer0_add_43_32_groupi_g17811/CI                                              +0    5120   
csa_tree_decoder_acc_inst_pe_array_PE2_requantizer0_add_43_32_groupi_g17811/CO            FA1D0HVT           1  2.7   37   +86    5206 F 
csa_tree_decoder_acc_inst_pe_array_PE2_requantizer0_add_43_32_groupi_g17810/CI                                              +0    5206   
csa_tree_decoder_acc_inst_pe_array_PE2_requantizer0_add_43_32_groupi_g17810/CO            FA1D0HVT           1  2.7   37   +86    5292 F 
csa_tree_decoder_acc_inst_pe_array_PE2_requantizer0_add_43_32_groupi_g17809/CI                                              +0    5292   
csa_tree_decoder_acc_inst_pe_array_PE2_requantizer0_add_43_32_groupi_g17809/CO            FA1D0HVT           1  2.7   37   +86    5377 F 
csa_tree_decoder_acc_inst_pe_array_PE2_requantizer0_add_43_32_groupi_g17808/CI                                              +0    5377   
csa_tree_decoder_acc_inst_pe_array_PE2_requantizer0_add_43_32_groupi_g17808/CO            FA1D0HVT           1  2.7   37   +86    5463 F 
csa_tree_decoder_acc_inst_pe_array_PE2_requantizer0_add_43_32_groupi_g17807/CI                                              +0    5463   
csa_tree_decoder_acc_inst_pe_array_PE2_requantizer0_add_43_32_groupi_g17807/CO            FA1D0HVT           1  2.7   37   +86    5549 F 
csa_tree_decoder_acc_inst_pe_array_PE2_requantizer0_add_43_32_groupi_g17806/CI                                              +0    5549   
csa_tree_decoder_acc_inst_pe_array_PE2_requantizer0_add_43_32_groupi_g17806/CO            FA1D0HVT           1  2.7   37   +86    5635 F 
csa_tree_decoder_acc_inst_pe_array_PE2_requantizer0_add_43_32_groupi_g17805/CI                                              +0    5635   
csa_tree_decoder_acc_inst_pe_array_PE2_requantizer0_add_43_32_groupi_g17805/CO            FA1D0HVT           1  2.7   37   +86    5721 F 
csa_tree_decoder_acc_inst_pe_array_PE2_requantizer0_add_43_32_groupi_g17804/CI                                              +0    5721   
csa_tree_decoder_acc_inst_pe_array_PE2_requantizer0_add_43_32_groupi_g17804/CO            FA1D0HVT           1  2.7   37   +86    5807 F 
csa_tree_decoder_acc_inst_pe_array_PE2_requantizer0_add_43_32_groupi_g17803/CI                                              +0    5807   
csa_tree_decoder_acc_inst_pe_array_PE2_requantizer0_add_43_32_groupi_g17803/CO            FA1D0HVT           1  2.7   37   +86    5893 F 
csa_tree_decoder_acc_inst_pe_array_PE2_requantizer0_add_43_32_groupi_g17802/CI                                              +0    5893   
csa_tree_decoder_acc_inst_pe_array_PE2_requantizer0_add_43_32_groupi_g17802/CO            FA1D0HVT           1  2.7   37   +86    5979 F 
csa_tree_decoder_acc_inst_pe_array_PE2_requantizer0_add_43_32_groupi_g17801/CI                                              +0    5979   
csa_tree_decoder_acc_inst_pe_array_PE2_requantizer0_add_43_32_groupi_g17801/CO            FA1D0HVT           1  2.7   37   +86    6065 F 
csa_tree_decoder_acc_inst_pe_array_PE2_requantizer0_add_43_32_groupi_g17800/CI                                              +0    6065   
csa_tree_decoder_acc_inst_pe_array_PE2_requantizer0_add_43_32_groupi_g17800/CO            FA1D0HVT           1  2.7   37   +86    6150 F 
csa_tree_decoder_acc_inst_pe_array_PE2_requantizer0_add_43_32_groupi_g17799/CI                                              +0    6150   
csa_tree_decoder_acc_inst_pe_array_PE2_requantizer0_add_43_32_groupi_g17799/CO            FA1D0HVT           1  2.7   37   +86    6236 F 
csa_tree_decoder_acc_inst_pe_array_PE2_requantizer0_add_43_32_groupi_g17798/CI                                              +0    6236   
csa_tree_decoder_acc_inst_pe_array_PE2_requantizer0_add_43_32_groupi_g17798/CO            FA1D0HVT           1  2.7   37   +86    6322 F 
csa_tree_decoder_acc_inst_pe_array_PE2_requantizer0_add_43_32_groupi_g17797/CI                                              +0    6322   
csa_tree_decoder_acc_inst_pe_array_PE2_requantizer0_add_43_32_groupi_g17797/CO            FA1D0HVT           1  2.7   37   +86    6408 F 
csa_tree_decoder_acc_inst_pe_array_PE2_requantizer0_add_43_32_groupi_g17796/CI                                              +0    6408   
csa_tree_decoder_acc_inst_pe_array_PE2_requantizer0_add_43_32_groupi_g17796/CO            FA1D0HVT           1  2.7   37   +86    6494 F 
csa_tree_decoder_acc_inst_pe_array_PE2_requantizer0_add_43_32_groupi_g17795/CI                                              +0    6494   
csa_tree_decoder_acc_inst_pe_array_PE2_requantizer0_add_43_32_groupi_g17795/CO            FA1D0HVT           1  2.7   37   +86    6580 F 
csa_tree_decoder_acc_inst_pe_array_PE2_requantizer0_add_43_32_groupi_g17794/CI                                              +0    6580   
csa_tree_decoder_acc_inst_pe_array_PE2_requantizer0_add_43_32_groupi_g17794/CO            FA1D0HVT           1  2.7   37   +86    6666 F 
csa_tree_decoder_acc_inst_pe_array_PE2_requantizer0_add_43_32_groupi_g17793/CI                                              +0    6666   
csa_tree_decoder_acc_inst_pe_array_PE2_requantizer0_add_43_32_groupi_g17793/CO            FA1D0HVT           1  2.7   37   +86    6752 F 
csa_tree_decoder_acc_inst_pe_array_PE2_requantizer0_add_43_32_groupi_g17792/CI                                              +0    6752   
csa_tree_decoder_acc_inst_pe_array_PE2_requantizer0_add_43_32_groupi_g17792/CO            FA1D0HVT           1  2.7   37   +86    6838 F 
csa_tree_decoder_acc_inst_pe_array_PE2_requantizer0_add_43_32_groupi_g17791/CI                                              +0    6838   
csa_tree_decoder_acc_inst_pe_array_PE2_requantizer0_add_43_32_groupi_g17791/S             FA1D0HVT           2  4.3   67  +112    6949 R 
decoder_acc_inst_pe_array_PE2_requantizer0_sra_48_36_g8466/I1                                                               +0    6949   
decoder_acc_inst_pe_array_PE2_requantizer0_sra_48_36_g8466/ZN                             MUX2ND0HVT         2  4.3  116   +54    7003 F 
decoder_acc_inst_pe_array_PE2_requantizer0_sra_48_36_g8372/I1                                                               +0    7003   
decoder_acc_inst_pe_array_PE2_requantizer0_sra_48_36_g8372/ZN                             MUX2ND0HVT         2  4.7  171   +93    7096 R 
decoder_acc_inst_pe_array_PE2_requantizer0_sra_48_36_g8274/I1                                                               +0    7096   
decoder_acc_inst_pe_array_PE2_requantizer0_sra_48_36_g8274/ZN                             MUX2ND0HVT         2  4.6  120   +77    7173 F 
decoder_acc_inst_pe_array_PE2_requantizer0_sra_48_36_g8193/I1                                                               +0    7173   
decoder_acc_inst_pe_array_PE2_requantizer0_sra_48_36_g8193/ZN                             MUX2ND0HVT         2  4.4  163   +91    7264 R 
decoder_acc_inst_pe_array_PE2_requantizer0_sra_48_36_g8170/I                                                                +0    7264   
decoder_acc_inst_pe_array_PE2_requantizer0_sra_48_36_g8170/ZN                             INVD1HVT           1  2.7   47   +40    7304 F 
decoder_acc_inst_pe_array_PE2_requantizer0_sra_48_36_g8156/I1                                                               +0    7304   
decoder_acc_inst_pe_array_PE2_requantizer0_sra_48_36_g8156/ZN                             MUX2ND0HVT         2  4.3  142   +72    7376 R 
decoder_acc_inst_pe_array_PE2_requantizer0_sra_48_36_g8068/A1                                                               +0    7376   
decoder_acc_inst_pe_array_PE2_requantizer0_sra_48_36_g8068/ZN                             AOI222D0HVT        1  2.5  106   +75    7451 F 
decoder_acc_inst_pe_array_PE2_requantizer0_sra_48_36_g8036/C                                                                +0    7451   
decoder_acc_inst_pe_array_PE2_requantizer0_sra_48_36_g8036/ZN                             OAI221D0HVT        1  2.8  139   +80    7532 R 
decoder_acc_inst_pe_array_PE2_requantizer0_add_56_34_g2878/A                                                                +0    7532   
decoder_acc_inst_pe_array_PE2_requantizer0_add_56_34_g2878/CO                             FA1D0HVT           1  4.4   66  +166    7698 R 
decoder_acc_inst_pe_array_PE2_requantizer0_add_56_34_g2877/B                                                                +0    7698   
decoder_acc_inst_pe_array_PE2_requantizer0_add_56_34_g2877/CO                             HA1D0HVT           1  4.4   67   +84    7782 R 
decoder_acc_inst_pe_array_PE2_requantizer0_add_56_34_g2876/B                                                                +0    7782   
decoder_acc_inst_pe_array_PE2_requantizer0_add_56_34_g2876/CO                             HA1D0HVT           1  4.4   67   +84    7867 R 
decoder_acc_inst_pe_array_PE2_requantizer0_add_56_34_g2875/B                                                                +0    7867   
decoder_acc_inst_pe_array_PE2_requantizer0_add_56_34_g2875/CO                             HA1D0HVT           1  4.4   67   +84    7951 R 
decoder_acc_inst_pe_array_PE2_requantizer0_add_56_34_g2874/B                                                                +0    7952   
decoder_acc_inst_pe_array_PE2_requantizer0_add_56_34_g2874/CO                             HA1D0HVT           1  4.4   67   +84    8036 R 
decoder_acc_inst_pe_array_PE2_requantizer0_add_56_34_g2873/B                                                                +0    8036   
decoder_acc_inst_pe_array_PE2_requantizer0_add_56_34_g2873/CO                             HA1D0HVT           1  4.4   67   +84    8121 R 
decoder_acc_inst_pe_array_PE2_requantizer0_add_56_34_g2872/B                                                                +0    8121   
decoder_acc_inst_pe_array_PE2_requantizer0_add_56_34_g2872/CO                             HA1D0HVT           1  4.4   67   +84    8205 R 
decoder_acc_inst_pe_array_PE2_requantizer0_add_56_34_g2871/B                                                                +0    8205   
decoder_acc_inst_pe_array_PE2_requantizer0_add_56_34_g2871/CO                             HA1D0HVT           1  4.4   67   +84    8290 R 
decoder_acc_inst_pe_array_PE2_requantizer0_add_56_34_g2870/B                                                                +0    8290   
decoder_acc_inst_pe_array_PE2_requantizer0_add_56_34_g2870/CO                             HA1D0HVT           1  4.4   67   +84    8374 R 
decoder_acc_inst_pe_array_PE2_requantizer0_add_56_34_g2869/B                                                                +0    8374   
decoder_acc_inst_pe_array_PE2_requantizer0_add_56_34_g2869/CO                             HA1D0HVT           1  4.4   67   +84    8459 R 
decoder_acc_inst_pe_array_PE2_requantizer0_add_56_34_g2868/B                                                                +0    8459   
decoder_acc_inst_pe_array_PE2_requantizer0_add_56_34_g2868/CO                             HA1D0HVT           1  4.4   67   +84    8544 R 
decoder_acc_inst_pe_array_PE2_requantizer0_add_56_34_g2867/B                                                                +0    8544   
decoder_acc_inst_pe_array_PE2_requantizer0_add_56_34_g2867/CO                             HA1D0HVT           1  4.4   67   +84    8628 R 
decoder_acc_inst_pe_array_PE2_requantizer0_add_56_34_g2866/B                                                                +0    8628   
decoder_acc_inst_pe_array_PE2_requantizer0_add_56_34_g2866/CO                             HA1D0HVT           1  4.4   67   +84    8713 R 
decoder_acc_inst_pe_array_PE2_requantizer0_add_56_34_g2865/B                                                                +0    8713   
decoder_acc_inst_pe_array_PE2_requantizer0_add_56_34_g2865/CO                             HA1D0HVT           1  4.4   67   +84    8797 R 
decoder_acc_inst_pe_array_PE2_requantizer0_add_56_34_g2864/B                                                                +0    8798   
decoder_acc_inst_pe_array_PE2_requantizer0_add_56_34_g2864/CO                             HA1D0HVT           1  4.4   67   +84    8882 R 
decoder_acc_inst_pe_array_PE2_requantizer0_add_56_34_g2863/B                                                                +0    8882   
decoder_acc_inst_pe_array_PE2_requantizer0_add_56_34_g2863/CO                             HA1D0HVT           1  4.4   67   +84    8967 R 
decoder_acc_inst_pe_array_PE2_requantizer0_add_56_34_g2862/B                                                                +0    8967   
decoder_acc_inst_pe_array_PE2_requantizer0_add_56_34_g2862/CO                             HA1D0HVT           1  4.4   67   +84    9051 R 
decoder_acc_inst_pe_array_PE2_requantizer0_add_56_34_g2861/B                                                                +0    9051   
decoder_acc_inst_pe_array_PE2_requantizer0_add_56_34_g2861/CO                             HA1D0HVT           1  4.4   67   +84    9136 R 
decoder_acc_inst_pe_array_PE2_requantizer0_add_56_34_g2860/B                                                                +0    9136   
decoder_acc_inst_pe_array_PE2_requantizer0_add_56_34_g2860/CO                             HA1D0HVT           1  4.4   67   +84    9220 R 
decoder_acc_inst_pe_array_PE2_requantizer0_add_56_34_g2859/B                                                                +0    9220   
decoder_acc_inst_pe_array_PE2_requantizer0_add_56_34_g2859/CO                             HA1D0HVT           1  4.4   67   +84    9305 R 
decoder_acc_inst_pe_array_PE2_requantizer0_add_56_34_g2858/B                                                                +0    9305   
decoder_acc_inst_pe_array_PE2_requantizer0_add_56_34_g2858/CO                             HA1D0HVT           1  4.4   67   +84    9390 R 
decoder_acc_inst_pe_array_PE2_requantizer0_add_56_34_g2857/B                                                                +0    9390   
decoder_acc_inst_pe_array_PE2_requantizer0_add_56_34_g2857/CO                             HA1D0HVT           1  4.4   67   +84    9474 R 
decoder_acc_inst_pe_array_PE2_requantizer0_add_56_34_g2856/B                                                                +0    9474   
decoder_acc_inst_pe_array_PE2_requantizer0_add_56_34_g2856/CO                             HA1D0HVT           1  4.4   67   +85    9559 R 
decoder_acc_inst_pe_array_PE2_requantizer0_add_56_34_g2855/B                                                                +0    9559   
decoder_acc_inst_pe_array_PE2_requantizer0_add_56_34_g2855/CO                             HA1D0HVT           1  4.4   66   +85    9644 R 
decoder_acc_inst_pe_array_PE2_requantizer0_add_56_34_g2854/B                                                                +0    9644   
decoder_acc_inst_pe_array_PE2_requantizer0_add_56_34_g2854/CO                             HA1D0HVT           1  4.4   66   +84    9728 R 
decoder_acc_inst_pe_array_PE2_requantizer0_add_56_34_g2853/B                                                                +0    9728   
decoder_acc_inst_pe_array_PE2_requantizer0_add_56_34_g2853/CO                             HA1D0HVT           1  4.4   67   +84    9812 R 
decoder_acc_inst_pe_array_PE2_requantizer0_add_56_34_g2852/B                                                                +0    9812   
decoder_acc_inst_pe_array_PE2_requantizer0_add_56_34_g2852/CO                             HA1D0HVT           1  4.4   67   +84    9897 R 
decoder_acc_inst_pe_array_PE2_requantizer0_add_56_34_g2851/B                                                                +0    9897   
decoder_acc_inst_pe_array_PE2_requantizer0_add_56_34_g2851/CO                             HA1D0HVT           1  4.4   66   +84    9981 R 
decoder_acc_inst_pe_array_PE2_requantizer0_add_56_34_g2850/B                                                                +0    9981   
decoder_acc_inst_pe_array_PE2_requantizer0_add_56_34_g2850/CO                             HA1D0HVT           1  4.4   67   +84   10066 R 
decoder_acc_inst_pe_array_PE2_requantizer0_add_56_34_g2849/B                                                                +0   10066   
decoder_acc_inst_pe_array_PE2_requantizer0_add_56_34_g2849/CO                             HA1D0HVT           1  4.4   66   +84   10150 R 
decoder_acc_inst_pe_array_PE2_requantizer0_add_56_34_g2848/B                                                                +0   10150   
decoder_acc_inst_pe_array_PE2_requantizer0_add_56_34_g2848/CO                             HA1D0HVT           1  4.4   66   +84   10234 R 
decoder_acc_inst_pe_array_PE2_requantizer0_add_56_34_g2847/B                                                                +0   10235   
decoder_acc_inst_pe_array_PE2_requantizer0_add_56_34_g2847/CO                             HA1D0HVT           1  4.4   66   +84   10319 R 
decoder_acc_inst_pe_array_PE2_requantizer0_add_56_34_g2846/B                                                                +0   10319   
decoder_acc_inst_pe_array_PE2_requantizer0_add_56_34_g2846/CO                             HA1D0HVT           1  4.4   66   +84   10403 R 
decoder_acc_inst_pe_array_PE2_requantizer0_add_56_34_g2845/B                                                                +0   10403   
decoder_acc_inst_pe_array_PE2_requantizer0_add_56_34_g2845/CO                             HA1D0HVT           1  4.4   67   +84   10488 R 
decoder_acc_inst_pe_array_PE2_requantizer0_add_56_34_g2844/B                                                                +0   10488   
decoder_acc_inst_pe_array_PE2_requantizer0_add_56_34_g2844/CO                             HA1D0HVT           1  4.4   67   +84   10572 R 
decoder_acc_inst_pe_array_PE2_requantizer0_add_56_34_g2843/B                                                                +0   10572   
decoder_acc_inst_pe_array_PE2_requantizer0_add_56_34_g2843/CO                             HA1D0HVT           1  4.4   66   +84   10657 R 
decoder_acc_inst_pe_array_PE2_requantizer0_add_56_34_g2842/B                                                                +0   10657   
decoder_acc_inst_pe_array_PE2_requantizer0_add_56_34_g2842/CO                             HA1D0HVT           1  4.4   66   +84   10741 R 
decoder_acc_inst_pe_array_PE2_requantizer0_add_56_34_g2841/B                                                                +0   10741   
decoder_acc_inst_pe_array_PE2_requantizer0_add_56_34_g2841/CO                             HA1D0HVT           1  4.4   66   +84   10825 R 
decoder_acc_inst_pe_array_PE2_requantizer0_add_56_34_g2840/B                                                                +0   10826   
decoder_acc_inst_pe_array_PE2_requantizer0_add_56_34_g2840/CO                             HA1D0HVT           1  4.4   66   +84   10910 R 
decoder_acc_inst_pe_array_PE2_requantizer0_add_56_34_g2839/B                                                                +0   10910   
decoder_acc_inst_pe_array_PE2_requantizer0_add_56_34_g2839/CO                             HA1D0HVT           1  4.4   66   +84   10994 R 
decoder_acc_inst_pe_array_PE2_requantizer0_add_56_34_g2838/B                                                                +0   10994   
decoder_acc_inst_pe_array_PE2_requantizer0_add_56_34_g2838/CO                             HA1D0HVT           1  4.4   66   +84   11079 R 
decoder_acc_inst_pe_array_PE2_requantizer0_add_56_34_g2837/B                                                                +0   11079   
decoder_acc_inst_pe_array_PE2_requantizer0_add_56_34_g2837/CO                             HA1D0HVT           1  4.4   66   +84   11163 R 
decoder_acc_inst_pe_array_PE2_requantizer0_add_56_34_g2836/B                                                                +0   11163   
decoder_acc_inst_pe_array_PE2_requantizer0_add_56_34_g2836/CO                             HA1D0HVT           1  4.4   66   +84   11247 R 
decoder_acc_inst_pe_array_PE2_requantizer0_add_56_34_g2835/B                                                                +0   11248   
decoder_acc_inst_pe_array_PE2_requantizer0_add_56_34_g2835/CO                             HA1D0HVT           1  4.4   66   +84   11332 R 
decoder_acc_inst_pe_array_PE2_requantizer0_add_56_34_g2834/B                                                                +0   11332   
decoder_acc_inst_pe_array_PE2_requantizer0_add_56_34_g2834/CO                             HA1D0HVT           1  4.4   66   +84   11416 R 
decoder_acc_inst_pe_array_PE2_requantizer0_add_56_34_g2833/B                                                                +0   11416   
decoder_acc_inst_pe_array_PE2_requantizer0_add_56_34_g2833/CO                             HA1D0HVT           1  4.4   66   +84   11501 R 
decoder_acc_inst_pe_array_PE2_requantizer0_add_56_34_g2832/B                                                                +0   11501   
decoder_acc_inst_pe_array_PE2_requantizer0_add_56_34_g2832/CO                             HA1D0HVT           1  4.4   66   +84   11585 R 
decoder_acc_inst_pe_array_PE2_requantizer0_add_56_34_g2831/B                                                                +0   11585   
decoder_acc_inst_pe_array_PE2_requantizer0_add_56_34_g2831/CO                             HA1D0HVT           1  4.4   66   +84   11669 R 
decoder_acc_inst_pe_array_PE2_requantizer0_add_56_34_g2830/B                                                                +0   11670   
decoder_acc_inst_pe_array_PE2_requantizer0_add_56_34_g2830/CO                             HA1D0HVT           1  4.4   66   +84   11754 R 
decoder_acc_inst_pe_array_PE2_requantizer0_add_56_34_g2829/B                                                                +0   11754   
decoder_acc_inst_pe_array_PE2_requantizer0_add_56_34_g2829/CO                             HA1D0HVT           1  4.4   66   +84   11838 R 
decoder_acc_inst_pe_array_PE2_requantizer0_add_56_34_g2828/B                                                                +0   11838   
decoder_acc_inst_pe_array_PE2_requantizer0_add_56_34_g2828/CO                             HA1D0HVT           1  4.4   66   +84   11923 R 
decoder_acc_inst_pe_array_PE2_requantizer0_add_56_34_g2827/B                                                                +0   11923   
decoder_acc_inst_pe_array_PE2_requantizer0_add_56_34_g2827/CO                             HA1D0HVT           1  4.4   66   +84   12007 R 
decoder_acc_inst_pe_array_PE2_requantizer0_add_56_34_g2826/B                                                                +0   12007   
decoder_acc_inst_pe_array_PE2_requantizer0_add_56_34_g2826/CO                             HA1D0HVT           1  4.4   66   +84   12091 R 
decoder_acc_inst_pe_array_PE2_requantizer0_add_56_34_g2825/B                                                                +0   12092   
decoder_acc_inst_pe_array_PE2_requantizer0_add_56_34_g2825/CO                             HA1D0HVT           1  4.4   66   +84   12176 R 
decoder_acc_inst_pe_array_PE2_requantizer0_add_56_34_g2824/B                                                                +0   12176   
decoder_acc_inst_pe_array_PE2_requantizer0_add_56_34_g2824/CO                             HA1D0HVT           1  4.4   66   +84   12260 R 
decoder_acc_inst_pe_array_PE2_requantizer0_add_56_34_g2823/B                                                                +0   12260   
decoder_acc_inst_pe_array_PE2_requantizer0_add_56_34_g2823/CO                             HA1D0HVT           1  4.4   66   +84   12345 R 
decoder_acc_inst_pe_array_PE2_requantizer0_add_56_34_g2822/B                                                                +0   12345   
decoder_acc_inst_pe_array_PE2_requantizer0_add_56_34_g2822/CO                             HA1D0HVT           1  4.4   66   +84   12429 R 
decoder_acc_inst_pe_array_PE2_requantizer0_add_56_34_g2821/B                                                                +0   12429   
decoder_acc_inst_pe_array_PE2_requantizer0_add_56_34_g2821/CO                             HA1D0HVT           1  4.4   66   +84   12513 R 
decoder_acc_inst_pe_array_PE2_requantizer0_add_56_34_g2820/B                                                                +0   12513   
decoder_acc_inst_pe_array_PE2_requantizer0_add_56_34_g2820/CO                             HA1D0HVT           1  4.4   66   +84   12598 R 
decoder_acc_inst_pe_array_PE2_requantizer0_add_56_34_g2819/B                                                                +0   12598   
decoder_acc_inst_pe_array_PE2_requantizer0_add_56_34_g2819/CO                             HA1D0HVT           1  4.4   66   +84   12682 R 
decoder_acc_inst_pe_array_PE2_requantizer0_add_56_34_g2818/B                                                                +0   12682   
decoder_acc_inst_pe_array_PE2_requantizer0_add_56_34_g2818/CO                             HA1D0HVT           1  4.4   66   +84   12766 R 
decoder_acc_inst_pe_array_PE2_requantizer0_add_56_34_g2817/B                                                                +0   12766   
decoder_acc_inst_pe_array_PE2_requantizer0_add_56_34_g2817/CO                             HA1D0HVT           1  4.4   66   +84   12851 R 
decoder_acc_inst_pe_array_PE2_requantizer0_add_56_34_g2816/B                                                                +0   12851   
decoder_acc_inst_pe_array_PE2_requantizer0_add_56_34_g2816/CO                             HA1D0HVT           1  4.4   66   +84   12935 R 
decoder_acc_inst_pe_array_PE2_requantizer0_add_56_34_g2815/B                                                                +0   12935   
decoder_acc_inst_pe_array_PE2_requantizer0_add_56_34_g2815/CO                             HA1D0HVT           1  4.4   66   +84   13020 R 
decoder_acc_inst_pe_array_PE2_requantizer0_add_56_34_g2814/B                                                                +0   13020   
decoder_acc_inst_pe_array_PE2_requantizer0_add_56_34_g2814/CO                             HA1D0HVT           1  4.4   66   +84   13104 R 
decoder_acc_inst_pe_array_PE2_requantizer0_add_56_34_g2813/B                                                                +0   13104   
decoder_acc_inst_pe_array_PE2_requantizer0_add_56_34_g2813/CO                             HA1D0HVT           1  4.4   66   +84   13188 R 
decoder_acc_inst_pe_array_PE2_requantizer0_add_56_34_g2812/B                                                                +0   13188   
decoder_acc_inst_pe_array_PE2_requantizer0_add_56_34_g2812/S                              HA1D0HVT           1  2.5   32   +66   13254 F 
g331632/B3                                                                                                                  +0   13254   
g331632/ZN                                                                                INR4D0HVT          1  2.8  120   +77   13332 R 
g331304/B1                                                                                                                  +0   13332   
g331304/ZN                                                                                IIND4D1HVT         1  2.5   77   +78   13410 F 
g330840/A4                                                                                                                  +0   13410   
g330840/Z                                                                                 OR4D1HVT           1  2.5   35   +94   13505 F 
g330693/A3                                                                                                                  +0   13505   
g330693/Z                                                                                 OR3D1HVT           1  2.5   28   +68   13573 F 
g330648/B3                                                                                                                  +0   13573   
g330648/ZN                                                                                INR4D0HVT          1  2.7  118   +75   13648 R 
g330613/A1                                                                                                                  +0   13648   
g330613/ZN                                                                                ND4D1HVT           1  2.5   79   +71   13719 F 
g330582/A1                                                                                                                  +0   13719   
g330582/ZN                                                                                NR4D0HVT           1  2.7  122   +88   13807 R 
g330536/A1                                                                                                                  +0   13807   
g330536/ZN                                                                                AOI21D1HVT         8 15.7  134  +113   13920 F 
g330508/B                                                                                                                   +0   13920   
g330508/ZN                                                                                AOI21D1HVT         2  4.7   99  +102   14022 R 
g330475/I                                                                                                                   +0   14022   
g330475/ZN                                                                                INVD1HVT           2  4.4   41   +40   14062 F 
g330400/CIN                                                                                                                 +0   14062   
g330400/CO                                                                                FCICIND1HVT        1  3.5   45  +101   14163 R 
g330304/A                                                                                                                   +0   14163   
g330304/ZN                                                                                MAOI222D1HVT       1  2.7   91   +58   14222 F 
g330257/CIN                                                                                                                 +0   14222   
g330257/CO                                                                                FCICIND1HVT        1  3.5   47  +113   14334 R 
g330042/A                                                                                                                   +0   14334   
g330042/ZN                                                                                MAOI222D1HVT       1  2.7   91   +59   14393 F 
g329662/CIN                                                                                                                 +0   14393   
g329662/CO                                                                                FCICIND1HVT        1  3.5   47  +113   14506 R 
g328973/A                                                                                                                   +0   14506   
g328973/ZN                                                                                MAOI222D1HVT       1  2.7   91   +59   14565 F 
g328947/I                                                                                                                   +0   14565   
g328947/ZN                                                                                INVD1HVT           1  3.5   48   +46   14610 R 
g328876__7410/A                                                                                                             +0   14610   
g328876__7410/ZN                                                                          MAOI222D1HVT       2  4.2  109   +69   14680 F 
g328846__2346/A1                                                                                                            +0   14680   
g328846__2346/ZN                                                                          NR2XD0HVT          8 15.7  233  +166   14846 R 
g328787__2802/B1                                                                                                            +0   14846   
g328787__2802/ZN                                                                          MOAI22D1HVT        1  2.7   81   +85   14930 R 
decoder_acc_inst_pe_array_PE2_relu_out_reg_reg[7]/D                                  <<<  DFQD1HVT                          +0   14930   
decoder_acc_inst_pe_array_PE2_relu_out_reg_reg[7]/CP                                      setup                        0   +35   14966 R 
- - - - - - - - - - - - - - - - - - - - - - - - - - - - - - - - - - - - - - - - - - - - - - - - - - - - - - - - - - - - - - - - - - - - -
(clock clk_16mhz)                                                                         capture                                20000 R 
                                                                                          uncertainty                    -1000   19000 R 
-----------------------------------------------------------------------------------------------------------------------------------------
Cost Group   : 'clk_16mhz' (path_group 'clk_16mhz')
Timing slack :    4034ps 
Start-point  : decoder_acc_inst_pe_array_PE2_qat_mult_reg_reg[1]/CP
End-point    : decoder_acc_inst_pe_array_PE2_relu_out_reg_reg[7]/D

